#-----------------------------------------------------------
# Vivado v2021.1 (64-bit)
# SW Build 3247384 on Thu Jun 10 19:36:33 MDT 2021
# IP Build 3246043 on Fri Jun 11 00:30:35 MDT 2021
# Start of session at: Wed Feb 25 14:32:16 2026
# Process ID: 32528
# Current directory: C:/dev/github8/hdl-shared/host_interfaces/register/VivadoProject
# Command line: vivado.exe HdlRegister.xpr
# Log file: C:/dev/github8/hdl-shared/host_interfaces/register/VivadoProject/vivado.log
# Journal file: C:/dev/github8/hdl-shared/host_interfaces/register/VivadoProject\vivado.jou
#-----------------------------------------------------------
start_gui
open_project HdlRegister.xpr
update_compile_order -fileset sources_1
launch_simulation
source tb_HdlSharedHostRegister.tcl
close_sim
reset_simulation -simset sim_1 -mode behavioral
launch_simulation
launch_simulation
source tb_HdlSharedHostRegister.tcl
close_sim
reset_simulation -simset sim_1 -mode behavioral
launch_simulation
source tb_HdlSharedHostRegister.tcl
run 10 us
run 10 us
run 10 us
run all
run all
run all
reset
run all
relaunch_sim
relaunch_sim
run all
close_sim
